Fatal error: exception Failure("illegal assignment String = int in w = x")
