True flag correctly set.
False flag correctly set.
All flags are correctly set.
