Fatal error: exception Failure("illegal assignment char = String in c = Hello")
