Fatal error: exception Failure("illegal assignment Real = Complex in test_real = z")
