3.5r
3.8r
7.300000r
-0.300000r
13.300000r
0.921053r
