Fatal error: exception Failure("illegal assignment Imaginary = Real in c = a")
