3.2i
1.3i
4.500000i
1.900000i
-4.160000r
2.461539r
