3.7@3.2i
0.80848@0.18004i
10.28000@27.00000i
8.90000@6.00000i
-1.50000@0.40000i
