Fatal error: exception Failure("illegal assignment Imaginary = int in c = 1")
